dbus-daemon[981582]: [session uid=1000 pid=981582] Activating service name='org.gtk.vfs.Daemon' requested by ':1.0' (uid=1000 pid=981583 comm="~/Projects/cybertown/.worktrees/wrlforge/" label="unconfined")
dbus-daemon[981582]: [session uid=1000 pid=981582] Successfully activated service 'org.gtk.vfs.Daemon'
dbus-daemon[981582]: [session uid=1000 pid=981582] Activating service name='org.freedesktop.portal.Desktop' requested by ':1.0' (uid=1000 pid=981583 comm="~/Projects/cybertown/.worktrees/wrlforge/" label="unconfined")
dbus-daemon[981582]: [session uid=1000 pid=981582] Activating service name='org.freedesktop.portal.Documents' requested by ':1.3' (uid=1000 pid=981645 comm="/usr/libexec/xdg-desktop-portal" label="unconfined")
dbus-daemon[981582]: [session uid=1000 pid=981582] Activating service name='org.freedesktop.impl.portal.PermissionStore' requested by ':1.4' (uid=1000 pid=981651 comm="/usr/libexec/xdg-document-portal" label="unconfined")
dbus-daemon[981582]: [session uid=1000 pid=981582] Successfully activated service 'org.freedesktop.impl.portal.PermissionStore'
dbus-daemon[981582]: [session uid=1000 pid=981582] Successfully activated service 'org.freedesktop.portal.Documents'
Ignoring invalid max threads value 4294967295 > max (100000).

(/usr/libexec/xdg-desktop-portal:981645): xdg-desktop-portal-WARNING **: 05:37:38.794: Choosing gtk.portal for org.freedesktop.impl.portal.Lockdown as a last-resort fallback

(/usr/libexec/xdg-desktop-portal:981645): xdg-desktop-portal-WARNING **: 05:37:38.794: The preferred method to match portal implementations to desktop environments is to use the portals.conf(5) configuration file
dbus-daemon[981582]: [session uid=1000 pid=981582] Activating service name='org.freedesktop.impl.portal.desktop.gtk' requested by ':1.3' (uid=1000 pid=981645 comm="/usr/libexec/xdg-desktop-portal" label="unconfined")
dbus-daemon[981582]: [session uid=1000 pid=981582] Successfully activated service 'org.freedesktop.impl.portal.desktop.gtk'

(/usr/libexec/xdg-desktop-portal:981645): xdg-desktop-portal-WARNING **: 05:37:38.852: No skeleton to export

(/usr/libexec/xdg-desktop-portal:981645): xdg-desktop-portal-WARNING **: 05:37:38.852: Choosing gtk.portal for org.freedesktop.impl.portal.FileChooser as a last-resort fallback

(/usr/libexec/xdg-desktop-portal:981645): xdg-desktop-portal-WARNING **: 05:37:38.852: Choosing gtk.portal for org.freedesktop.impl.portal.AppChooser as a last-resort fallback

(/usr/libexec/xdg-desktop-portal:981645): xdg-desktop-portal-WARNING **: 05:37:38.852: Choosing gtk.portal for org.freedesktop.impl.portal.Print as a last-resort fallback

(/usr/libexec/xdg-desktop-portal:981645): xdg-desktop-portal-WARNING **: 05:37:38.853: Choosing gtk.portal for org.freedesktop.impl.portal.Notification as a last-resort fallback

(/usr/libexec/xdg-desktop-portal:981645): xdg-desktop-portal-WARNING **: 05:37:38.853: Choosing gtk.portal for org.freedesktop.impl.portal.Inhibit as a last-resort fallback

(/usr/libexec/xdg-desktop-portal:981645): xdg-desktop-portal-WARNING **: 05:37:38.854: Choosing gtk.portal for org.freedesktop.impl.portal.Access as a last-resort fallback

(/usr/libexec/xdg-desktop-portal:981645): xdg-desktop-portal-WARNING **: 05:37:38.856: Failed connect to PipeWire: Couldn't connect to PipeWire

(/usr/libexec/xdg-desktop-portal:981645): xdg-desktop-portal-WARNING **: 05:37:38.856: Choosing gtk.portal for org.freedesktop.impl.portal.Account as a last-resort fallback

(/usr/libexec/xdg-desktop-portal:981645): xdg-desktop-portal-WARNING **: 05:37:38.857: Choosing gtk.portal for org.freedesktop.impl.portal.Email as a last-resort fallback

(/usr/libexec/xdg-desktop-portal:981645): xdg-desktop-portal-WARNING **: 05:37:38.857: Choosing gtk.portal for org.freedesktop.impl.portal.DynamicLauncher as a last-resort fallback
dbus-daemon[981582]: [session uid=1000 pid=981582] Successfully activated service 'org.freedesktop.portal.Desktop'
dbus-daemon[981582]: [session uid=1000 pid=981582] Activating service name='org.a11y.Bus' requested by ':1.0' (uid=1000 pid=981583 comm="~/Projects/cybertown/.worktrees/wrlforge/" label="unconfined")
dbus-daemon[981582]: [session uid=1000 pid=981582] Successfully activated service 'org.a11y.Bus'
dbus-daemon[981699]: Activating service name='org.a11y.atspi.Registry' requested by ':1.0' (uid=1000 pid=981700 comm="/usr/lib/x86_64-linux-gnu/webkit2gtk-4.1/WebKitWeb" label="unconfined")
dbus-daemon[981699]: Successfully activated service 'org.a11y.atspi.Registry'
SpiRegistry daemon is running with well-known name - org.a11y.atspi.Registry
