{
 "pass": false,
 "exit": 1,
 "checks": 46,
 "failures": [
  "watchdog:cleanup: n=441 p99=103.73ms max=111.00ms",
  "watchdog:device-loss: n=42 p99=84.95ms max=84.95ms",
  "watchdog:gpu-load: n=1600 p99=516.24ms max=543.76ms"
 ],
 "proof": {
  "output_scale": "1.5",
  "display_server": "kwin",
  "server_pid": 958495,
  "socket": "/tmp/nr1-smoke-kkzmcdwn/run/nr1-64e2c7fa",
  "peer_pid": 958495,
  "env_keys": [
   "GDK_BACKEND",
   "HOME",
   "LANG",
   "NO_AT_BRIDGE",
   "PATH",
   "WAYLAND_DISPLAY",
   "WEBKIT_DISABLE_COMPOSITING_MODE",
   "XDG_RUNTIME_DIR"
  ]
 }
}
