dbus-daemon[980502]: [session uid=1000 pid=980502] Activating service name='org.gtk.vfs.Daemon' requested by ':1.0' (uid=1000 pid=980503 comm="~/Projects/cybertown/.worktrees/wrlforge/" label="unconfined")
dbus-daemon[980502]: [session uid=1000 pid=980502] Successfully activated service 'org.gtk.vfs.Daemon'
dbus-daemon[980502]: [session uid=1000 pid=980502] Activating service name='org.freedesktop.portal.Desktop' requested by ':1.0' (uid=1000 pid=980503 comm="~/Projects/cybertown/.worktrees/wrlforge/" label="unconfined")
dbus-daemon[980502]: [session uid=1000 pid=980502] Activating service name='org.freedesktop.portal.Documents' requested by ':1.3' (uid=1000 pid=980530 comm="/usr/libexec/xdg-desktop-portal" label="unconfined")
dbus-daemon[980502]: [session uid=1000 pid=980502] Activating service name='org.freedesktop.impl.portal.PermissionStore' requested by ':1.4' (uid=1000 pid=980536 comm="/usr/libexec/xdg-document-portal" label="unconfined")
dbus-daemon[980502]: [session uid=1000 pid=980502] Successfully activated service 'org.freedesktop.impl.portal.PermissionStore'
dbus-daemon[980502]: [session uid=1000 pid=980502] Successfully activated service 'org.freedesktop.portal.Documents'
Ignoring invalid max threads value 4294967295 > max (100000).

(/usr/libexec/xdg-desktop-portal:980530): xdg-desktop-portal-WARNING **: 05:37:08.739: Choosing gtk.portal for org.freedesktop.impl.portal.Lockdown as a last-resort fallback

(/usr/libexec/xdg-desktop-portal:980530): xdg-desktop-portal-WARNING **: 05:37:08.739: The preferred method to match portal implementations to desktop environments is to use the portals.conf(5) configuration file
dbus-daemon[980502]: [session uid=1000 pid=980502] Activating service name='org.freedesktop.impl.portal.desktop.gtk' requested by ':1.3' (uid=1000 pid=980530 comm="/usr/libexec/xdg-desktop-portal" label="unconfined")
dbus-daemon[980502]: [session uid=1000 pid=980502] Successfully activated service 'org.freedesktop.impl.portal.desktop.gtk'

(/usr/libexec/xdg-desktop-portal:980530): xdg-desktop-portal-WARNING **: 05:37:08.795: No skeleton to export

(/usr/libexec/xdg-desktop-portal:980530): xdg-desktop-portal-WARNING **: 05:37:08.795: Choosing gtk.portal for org.freedesktop.impl.portal.FileChooser as a last-resort fallback

(/usr/libexec/xdg-desktop-portal:980530): xdg-desktop-portal-WARNING **: 05:37:08.796: Choosing gtk.portal for org.freedesktop.impl.portal.AppChooser as a last-resort fallback

(/usr/libexec/xdg-desktop-portal:980530): xdg-desktop-portal-WARNING **: 05:37:08.796: Choosing gtk.portal for org.freedesktop.impl.portal.Print as a last-resort fallback

(/usr/libexec/xdg-desktop-portal:980530): xdg-desktop-portal-WARNING **: 05:37:08.797: Choosing gtk.portal for org.freedesktop.impl.portal.Notification as a last-resort fallback

(/usr/libexec/xdg-desktop-portal:980530): xdg-desktop-portal-WARNING **: 05:37:08.797: Choosing gtk.portal for org.freedesktop.impl.portal.Inhibit as a last-resort fallback

(/usr/libexec/xdg-desktop-portal:980530): xdg-desktop-portal-WARNING **: 05:37:08.798: Choosing gtk.portal for org.freedesktop.impl.portal.Access as a last-resort fallback

(/usr/libexec/xdg-desktop-portal:980530): xdg-desktop-portal-WARNING **: 05:37:08.800: Failed connect to PipeWire: Couldn't connect to PipeWire

(/usr/libexec/xdg-desktop-portal:980530): xdg-desktop-portal-WARNING **: 05:37:08.800: Choosing gtk.portal for org.freedesktop.impl.portal.Account as a last-resort fallback

(/usr/libexec/xdg-desktop-portal:980530): xdg-desktop-portal-WARNING **: 05:37:08.801: Choosing gtk.portal for org.freedesktop.impl.portal.Email as a last-resort fallback

(/usr/libexec/xdg-desktop-portal:980530): xdg-desktop-portal-WARNING **: 05:37:08.801: Choosing gtk.portal for org.freedesktop.impl.portal.DynamicLauncher as a last-resort fallback
dbus-daemon[980502]: [session uid=1000 pid=980502] Successfully activated service 'org.freedesktop.portal.Desktop'
dbus-daemon[980502]: [session uid=1000 pid=980502] Activating service name='org.a11y.Bus' requested by ':1.0' (uid=1000 pid=980503 comm="~/Projects/cybertown/.worktrees/wrlforge/" label="unconfined")
dbus-daemon[980502]: [session uid=1000 pid=980502] Successfully activated service 'org.a11y.Bus'
dbus-daemon[980576]: Activating service name='org.a11y.atspi.Registry' requested by ':1.0' (uid=1000 pid=980577 comm="/usr/lib/x86_64-linux-gnu/webkit2gtk-4.1/WebKitWeb" label="unconfined")
dbus-daemon[980576]: Successfully activated service 'org.a11y.atspi.Registry'
SpiRegistry daemon is running with well-known name - org.a11y.atspi.Registry
